{
  "startTime": 1674219457756,
  "endTime": 1674219459094,
  "originalSmells": [
    {
      "rule": "aptGetInstallUseNoRec",
      "position": {
        "lineStart": 3,
        "lineEnd": 3,
        "columnStart": 26,
        "columnEnd": 67
      }
    },
    {
      "rule": "ruleAptGetInstallThenRemoveAptLists",
      "position": {
        "lineStart": 3,
        "lineEnd": 3,
        "columnStart": 26,
        "columnEnd": 67
      }
    }
  ],
  "repairedSmells": [],
  "repairedDockerfile": "# Generated by Cloud66 Starter\nFROM ruby:2.1.2\n\nRUN apt-get update -qq && apt-get install --no-install-recommends -y build-essential nodejs && rm -rf /var/lib/apt/lists/*;\n\nENV APP_HOME /app\nRUN mkdir $APP_HOME\nWORKDIR $APP_HOME\n\nADD Gemfile* $APP_HOME/\nRUN bundle install\n\nADD . $APP_HOME\n"
}