{
  "startTime": 1674250854059,
  "endTime": 1674250854085,
  "originalSmells": []
}