FROM java
LABEL name ${name} 42 ${ext} blub @unknown@ docker-maven-plugin @
ENV guenther png
