{
  "startTime": 1674247975941,
  "endTime": 1674247975942,
  "originalSmells": []
}