{
  "startTime": 1674249622506,
  "endTime": 1674249623411,
  "originalSmells": [
    {
      "rule": "pipUseNoCacheDir",
      "position": {
        "lineStart": 8,
        "lineEnd": 8,
        "columnStart": 4,
        "columnEnd": 40
      }
    },
    {
      "rule": "pipUseNoCacheDir",
      "position": {
        "lineStart": 19,
        "lineEnd": 19,
        "columnStart": 4,
        "columnEnd": 17
      }
    }
  ],
  "repairedSmells": [],
  "repairedDockerfile": "## -*- docker-image-name: \"gcr.io/foo/bar\" -*-\nFROM apache/beam_python3.7_sdk:2.35.0\n\nWORKDIR /usr/src/app\n\nENV GOOGLE_CLOUD_PROJECT=test-gcp-project \\\n    PYTHONPATH=/usr/src/app\n\nRUN pip install --no-cache-dir --upgrade pip setuptools\n\nCOPY __init__.py \\\n     run.py \\\n     transforms.py \\\n     job-requirements.txt \\\n     setup.py \\\n     MANIFEST.in \\\n     # Include any other non-Python files your job needs\n     /usr/src/app/\n\nRUN pip install --no-cache-dir .\n"
}