{
  "startTime": 1674219434373,
  "endTime": 1674219434488,
  "originalSmells": []
}