{
  "startTime": 1674246534225,
  "endTime": 1674246535825,
  "originalSmells": [
    {
      "rule": "pipUseNoCacheDir",
      "position": {
        "lineStart": 9,
        "lineEnd": 9,
        "columnStart": 4,
        "columnEnd": 40
      }
    },
    {
      "rule": "pipUseNoCacheDir",
      "position": {
        "lineStart": 27,
        "lineEnd": 27,
        "columnStart": 4,
        "columnEnd": 39
      }
    },
    {
      "rule": "mkdirUsrSrcThenRemove",
      "position": {
        "lineStart": 4,
        "lineEnd": 4,
        "columnStart": 4,
        "columnEnd": 28
      }
    }
  ],
  "repairedSmells": [],
  "repairedDockerfile": "## -*- docker-image-name: \"gcr.io/foo/bar\" -*-\nFROM apache/beam_python3.7_sdk:2.35.0\n\nWORKDIR /usr/src/app\nRUN mkdir -p /usr/src/config && rm -rf /usr/src/config\n\nENV GOOGLE_CLOUD_PROJECT=test-gcp-project \\\n    PYTHONPATH=/usr/src/app\n\nRUN pip install --no-cache-dir --upgrade pip setuptools\n\n###############################################################\n# DO NOT EDIT ABOVE THIS LINE. Or you may break klio.         #\n# pip packages are automatically installed for you.           #\n# klio-exec must be installed before all other packages.      #\n# Add extra installation and config needed by your job BELOW. #\n###############################################################\n\n\n\n###############################################################\n# DO NOT EDIT BELOW THIS LINE. Or you may break klio.         #\n# pip packages are automatically installed for you.           #\n# Add extra installation and config needed by your job ABOVE. #\n###############################################################\n\nCOPY job-requirements.txt job-requirements.txt\nRUN pip install --no-cache-dir -r job-requirements.txt\n\nCOPY __init__.py \\\n     run.py \\\n     transforms.py \\\n     /usr/src/app/\n\n"
}