{
  "startTime": 1674248371214,
  "endTime": 1674248371215,
  "originalSmells": []
}