{
  "startTime": 1674215773935,
  "endTime": 1674215774039,
  "originalSmells": []
}