FROM ubuntu:20.04

USER root

RUN apt-get update \
 && DEBIAN_FRONTEND=noninteractive apt-get install -y \
      apt-transport-https \
      ca-certificates \
      curl \
      software-properties-common

RUN curl -sSL https://deb.nodesource.com/gpgkey/nodesource.gpg.key | apt-key add - \
 && apt-key adv --keyserver keyserver.ubuntu.com --recv-keys 51716619E084DAB9
RUN apt-add-repository "deb https://deb.nodesource.com/node_14.x focal main" \
 && apt-add-repository "deb https://mran.microsoft.com/snapshot/2020-02-09/bin/linux/ubuntu focal-cran40/"

ENV TZ="Etc/UTC"

RUN apt-get update \
 && DEBIAN_FRONTEND=noninteractive apt-get install -y \
      libcurl4-openssl-dev \
      libssl-dev \
      make \
      nodejs \
      python3 \
      python3-pip \
      r-base \
 && apt-get autoremove -y \
 && apt-get clean \
 && rm -rf /var/lib/apt/lists/*

RUN id -u guest >/dev/null 2>&1 || useradd --create-home --uid 1000 -s /bin/bash guest
WORKDIR /home/guest

# dockta

COPY .package.json package.json
COPY .requirements.txt requirements.txt
COPY .DESCRIPTION DESCRIPTION

RUN npm install package.json \
 && pip3 install --requirement requirements.txt \
 && bash -c "Rscript <(curl -sL https://unpkg.com/@stencila/dockta/src/install.R)"

COPY script.js script.js
COPY script.py script.py
COPY script.R script.R

USER guest
