{
  "startTime": 1674218362667,
  "endTime": 1674218362730,
  "originalSmells": []
}