{
  "startTime": 1674250659476,
  "endTime": 1674250659814,
  "originalSmells": [
    {
      "rule": "pipUseNoCacheDir",
      "position": {
        "lineStart": 8,
        "lineEnd": 8,
        "columnStart": 4,
        "columnEnd": 76
      }
    }
  ],
  "repairedSmells": [],
  "repairedDockerfile": "FROM apache/airflow:latest\n\nRUN mkdir /tmp/installers\nWORKDIR /tmp/installers\n\n# copy all the requirements to run the current dag\nCOPY ./sliced_housing_multiple_w_dependencies_requirements.txt ./\n# install the required libs\nRUN pip install --no-cache-dir -r ./sliced_housing_multiple_w_dependencies_requirements.txt\n\nWORKDIR /opt/airflow/dags\nCOPY . .\n\nWORKDIR /opt/airflow\n\nCMD [ \"standalone\" ]"
}