{
  "startTime": 1674252035643,
  "endTime": 1674252036939,
  "originalSmells": [
    {
      "rule": "pipUseNoCacheDir",
      "position": {
        "lineStart": 1,
        "lineEnd": 1,
        "columnStart": 4,
        "columnEnd": 21
      }
    }
  ],
  "repairedSmells": [],
  "repairedDockerfile": "FROM python:3.8-alpine\nRUN pip install --no-cache-dir flask\nCOPY . /app\nWORKDIR /app\nENTRYPOINT [\"python\"]\nCMD [\"app.py\"]\n"
}